---
http_interactions:
- request:
    method: get
    uri: http://localhost:9200/test_reservations/reservation/_search?size=10
    body:
      encoding: US-ASCII
      string: ! '{"query":{"query_string":{"query":"id:2327581"}},"size":10}'
    headers:
      Accept:
      - ! '*/*; q=0.5, application/xml'
      Accept-Encoding:
      - gzip, deflate
      Content-Length:
      - '59'
      User-Agent:
      - Ruby
  response:
    status:
      code: 200
      message: OK
    headers:
      Content-Type:
      - application/json; charset=UTF-8
      Content-Length:
      - '484'
    body:
      encoding: US-ASCII
      string: ! '{"took":0,"timed_out":false,"_shards":{"total":5,"successful":5,"failed":0},"hits":{"total":1,"max_score":1.4054651,"hits":[{"_index":"test_reservations","_type":"reservation","_id":"2327581","_score":1.4054651,
        "_source" : {"deleted":false,"end_dt":"3020-10-01T15:00:00+00:00","id":2327581,"is_block":false,"room_id":1,"start_dt":"3020-10-01T13:30:00+00:00","user_id":1,"created_at_day":"2013-10-21","start_day":"3020-10-01","created_at_timezone":null,"deleted_at_timezone":null}}]}}'
    http_version: 
  recorded_at: Mon, 21 Oct 2013 21:03:13 GMT
- request:
    method: get
    uri: http://localhost:9200/test_reservations/reservation/_search?size=1
    body:
      encoding: US-ASCII
      string: ! '{"filter":{"and":[{"term":{"room_id":1}},{"term":{"deleted":false}},{"or":[{"and":[{"range":{"start_dt":{"gte":"3020-10-01T14:00:00+00:00"}}},{"range":{"start_dt":{"lt":"3020-10-01T14:30:00+00:00"}}}]},{"and":[{"range":{"end_dt":{"gt":"3020-10-01T14:00:00+00:00"}}},{"range":{"end_dt":{"lte":"3020-10-01T14:30:00+00:00"}}}]},{"and":[{"range":{"start_dt":{"lte":"3020-10-01T14:00:00+00:00"}}},{"range":{"end_dt":{"gte":"3020-10-01T14:30:00+00:00"}}}]}]}]},"size":1}'
    headers:
      Accept:
      - ! '*/*; q=0.5, application/xml'
      Accept-Encoding:
      - gzip, deflate
      Content-Length:
      - '464'
      User-Agent:
      - Ruby
  response:
    status:
      code: 200
      message: OK
    headers:
      Content-Type:
      - application/json; charset=UTF-8
      Content-Length:
      - '472'
    body:
      encoding: US-ASCII
      string: ! '{"took":1,"timed_out":false,"_shards":{"total":5,"successful":5,"failed":0},"hits":{"total":1,"max_score":1.0,"hits":[{"_index":"test_reservations","_type":"reservation","_id":"2327581","_score":1.0,
        "_source" : {"deleted":false,"end_dt":"3020-10-01T15:00:00+00:00","id":2327581,"is_block":false,"room_id":1,"start_dt":"3020-10-01T13:30:00+00:00","user_id":1,"created_at_day":"2013-10-21","start_day":"3020-10-01","created_at_timezone":null,"deleted_at_timezone":null}}]}}'
    http_version: 
  recorded_at: Mon, 21 Oct 2013 21:03:13 GMT
- request:
    method: get
    uri: http://localhost:9200/test_reservations/reservation/_search?size=10
    body:
      encoding: US-ASCII
      string: ! '{"query":{"query_string":{"query":"id:2327581"}},"size":10}'
    headers:
      Accept:
      - ! '*/*; q=0.5, application/xml'
      Accept-Encoding:
      - gzip, deflate
      Content-Length:
      - '59'
      User-Agent:
      - Ruby
  response:
    status:
      code: 200
      message: OK
    headers:
      Content-Type:
      - application/json; charset=UTF-8
      Content-Length:
      - '484'
    body:
      encoding: US-ASCII
      string: ! '{"took":1,"timed_out":false,"_shards":{"total":5,"successful":5,"failed":0},"hits":{"total":1,"max_score":1.4054651,"hits":[{"_index":"test_reservations","_type":"reservation","_id":"2327581","_score":1.4054651,
        "_source" : {"deleted":false,"end_dt":"3020-10-01T15:00:00+00:00","id":2327581,"is_block":false,"room_id":1,"start_dt":"3020-10-01T13:30:00+00:00","user_id":1,"created_at_day":"2013-10-21","start_day":"3020-10-01","created_at_timezone":null,"deleted_at_timezone":null}}]}}'
    http_version: 
  recorded_at: Mon, 21 Oct 2013 21:03:13 GMT
- request:
    method: get
    uri: http://localhost:9200/test_reservations/reservation/_search?size=1
    body:
      encoding: US-ASCII
      string: ! '{"filter":{"and":[{"term":{"room_id":1}},{"term":{"deleted":false}},{"or":[{"and":[{"range":{"start_dt":{"gte":"3020-10-01T14:00:00+00:00"}}},{"range":{"start_dt":{"lt":"3020-10-01T14:30:00+00:00"}}}]},{"and":[{"range":{"end_dt":{"gt":"3020-10-01T14:00:00+00:00"}}},{"range":{"end_dt":{"lte":"3020-10-01T14:30:00+00:00"}}}]},{"and":[{"range":{"start_dt":{"lte":"3020-10-01T14:00:00+00:00"}}},{"range":{"end_dt":{"gte":"3020-10-01T14:30:00+00:00"}}}]}]}]},"size":1}'
    headers:
      Accept:
      - ! '*/*; q=0.5, application/xml'
      Accept-Encoding:
      - gzip, deflate
      Content-Length:
      - '464'
      User-Agent:
      - Ruby
  response:
    status:
      code: 200
      message: OK
    headers:
      Content-Type:
      - application/json; charset=UTF-8
      Content-Length:
      - '472'
    body:
      encoding: US-ASCII
      string: ! '{"took":0,"timed_out":false,"_shards":{"total":5,"successful":5,"failed":0},"hits":{"total":1,"max_score":1.0,"hits":[{"_index":"test_reservations","_type":"reservation","_id":"2327581","_score":1.0,
        "_source" : {"deleted":false,"end_dt":"3020-10-01T15:00:00+00:00","id":2327581,"is_block":false,"room_id":1,"start_dt":"3020-10-01T13:30:00+00:00","user_id":1,"created_at_day":"2013-10-21","start_day":"3020-10-01","created_at_timezone":null,"deleted_at_timezone":null}}]}}'
    http_version: 
  recorded_at: Mon, 21 Oct 2013 21:03:13 GMT
- request:
    method: get
    uri: http://localhost:9200/test_reservations/reservation/_search?size=10
    body:
      encoding: US-ASCII
      string: ! '{"query":{"query_string":{"query":"id:2327581"}},"size":10}'
    headers:
      Accept:
      - ! '*/*; q=0.5, application/xml'
      Accept-Encoding:
      - gzip, deflate
      Content-Length:
      - '59'
      User-Agent:
      - Ruby
  response:
    status:
      code: 200
      message: OK
    headers:
      Content-Type:
      - application/json; charset=UTF-8
      Content-Length:
      - '484'
    body:
      encoding: US-ASCII
      string: ! '{"took":0,"timed_out":false,"_shards":{"total":5,"successful":5,"failed":0},"hits":{"total":1,"max_score":1.4054651,"hits":[{"_index":"test_reservations","_type":"reservation","_id":"2327581","_score":1.4054651,
        "_source" : {"deleted":false,"end_dt":"3020-10-01T15:00:00+00:00","id":2327581,"is_block":false,"room_id":1,"start_dt":"3020-10-01T13:30:00+00:00","user_id":1,"created_at_day":"2013-10-21","start_day":"3020-10-01","created_at_timezone":null,"deleted_at_timezone":null}}]}}'
    http_version: 
  recorded_at: Mon, 21 Oct 2013 21:03:13 GMT
recorded_with: VCR 2.6.0
